{"level":"INFO","message":"[4:40:01.995 PM]: Creating new connection object"}
{"level":"INFO","message":"[4:40:02.003 PM]: Creating Connection[id: b6539257-6f45-419a-b57f-00d1ae4f3db0] with host: KM10607.snowflakecomputing.com, account: KM10607, accessUrl: https://KM10607.snowflakecomputing.com, user: imadfazli, role: undefined, database: RESQ_DB, schema: PUBLIC, warehouse: COMPUTE_WH, proxy was not configured, password is provided, region: undefined, authenticator: SNOWFLAKE, ocsp mode: FAIL_OPEN, os: win32, os version: 10.0.26200"}
{"level":"INFO","message":"[4:40:02.004 PM]: Connection[id: b6539257-6f45-419a-b57f-00d1ae4f3db0] additional details: passcode in password is provided, passcode is not provided, private key is not provided, application: undefined, client name: snowflake-sdk, client version: 3.3.0, retry timeout: 300, private key path: undefined, private key pass is not provided, client store temporary credential: false, browser response timeout: 120000"}
{"level":"INFO","message":"[4:40:02.006 PM]: Connection[id: b6539257-6f45-419a-b57f-00d1ae4f3db0] - connection object created successfully."}
{"level":"INFO","message":"[4:40:02.007 PM]: Connection[id: b6539257-6f45-419a-b57f-00d1ae4f3db0] - async connecting. Associated Snowflake domain: GLOBAL"}
{"level":"INFO","message":"[4:40:02.007 PM]: Trying to initialize Easy Logging"}
{"level":"INFO","message":"[4:40:02.026 PM]: No client config detected."}
{"level":"INFO","message":"[4:40:02.027 PM]: No config file path found. Client config will not be used."}
{"level":"INFO","message":"[4:40:02.027 PM]: Easy Logging is disabled as no config has been found"}
{"level":"INFO","message":"[4:40:02.027 PM]: Connection[id: b6539257-6f45-419a-b57f-00d1ae4f3db0] - authentication successful using: SNOWFLAKE"}
{"level":"ERROR","message":"[4:40:07.278 PM]: Connection[id: b6539257-6f45-419a-b57f-00d1ae4f3db0] - connection failed after 5271.15 milliseconds. Error: Request to Snowflake failed."}
{"level":"INFO","message":"[4:41:05.196 PM]: Creating new connection object"}
{"level":"INFO","message":"[4:41:05.204 PM]: Creating Connection[id: 8cf896f9-8fb9-40ce-b6f5-76d2441b26a2] with host: KM10607.snowflakecomputing.com, account: KM10607, accessUrl: https://KM10607.snowflakecomputing.com, user: imadfazli, role: undefined, database: RESQ_DB, schema: PUBLIC, warehouse: COMPUTE_WH, proxy was not configured, password is provided, region: undefined, authenticator: SNOWFLAKE, ocsp mode: FAIL_OPEN, os: win32, os version: 10.0.26200"}
{"level":"INFO","message":"[4:41:05.204 PM]: Connection[id: 8cf896f9-8fb9-40ce-b6f5-76d2441b26a2] additional details: passcode in password is provided, passcode is not provided, private key is not provided, application: undefined, client name: snowflake-sdk, client version: 3.3.0, retry timeout: 300, private key path: undefined, private key pass is not provided, client store temporary credential: false, browser response timeout: 120000"}
{"level":"INFO","message":"[4:41:05.205 PM]: Connection[id: 8cf896f9-8fb9-40ce-b6f5-76d2441b26a2] - connection object created successfully."}
{"level":"INFO","message":"[4:41:05.206 PM]: Connection[id: 8cf896f9-8fb9-40ce-b6f5-76d2441b26a2] - async connecting. Associated Snowflake domain: GLOBAL"}
{"level":"INFO","message":"[4:41:05.207 PM]: Trying to initialize Easy Logging"}
{"level":"INFO","message":"[4:41:05.233 PM]: No client config detected."}
{"level":"INFO","message":"[4:41:05.234 PM]: No config file path found. Client config will not be used."}
{"level":"INFO","message":"[4:41:05.235 PM]: Easy Logging is disabled as no config has been found"}
{"level":"INFO","message":"[4:41:05.235 PM]: Connection[id: 8cf896f9-8fb9-40ce-b6f5-76d2441b26a2] - authentication successful using: SNOWFLAKE"}
{"level":"ERROR","message":"[4:41:08.429 PM]: Connection[id: 8cf896f9-8fb9-40ce-b6f5-76d2441b26a2] - connection failed after 3223.24 milliseconds. Error: Request to Snowflake failed."}
