{"level":"INFO","message":"[7:30:30.001 PM]: Creating new connection object"}
{"level":"INFO","message":"[7:30:30.010 PM]: Creating Connection[id: 23153f57-aec7-44bb-aba9-690286a3e3d1] with host: KM10607.snowflakecomputing.com, account: KM10607, accessUrl: https://KM10607.snowflakecomputing.com, user: imadfazli, role: undefined, database: RESQ_DB, schema: PUBLIC, warehouse: COMPUTE_WH, proxy was not configured, password is provided, region: undefined, authenticator: SNOWFLAKE, ocsp mode: FAIL_OPEN, os: win32, os version: 10.0.26200"}
{"level":"INFO","message":"[7:30:30.011 PM]: Connection[id: 23153f57-aec7-44bb-aba9-690286a3e3d1] additional details: passcode in password is provided, passcode is not provided, private key is not provided, application: undefined, client name: snowflake-sdk, client version: 3.3.0, retry timeout: 300, private key path: undefined, private key pass is not provided, client store temporary credential: false, browser response timeout: 120000"}
{"level":"INFO","message":"[7:30:30.011 PM]: Connection[id: 23153f57-aec7-44bb-aba9-690286a3e3d1] - connection object created successfully."}
{"level":"INFO","message":"[7:30:30.012 PM]: Connection[id: 23153f57-aec7-44bb-aba9-690286a3e3d1] - async connecting. Associated Snowflake domain: GLOBAL"}
{"level":"INFO","message":"[7:30:30.013 PM]: Trying to initialize Easy Logging"}
{"level":"INFO","message":"[7:30:30.029 PM]: No client config detected."}
{"level":"INFO","message":"[7:30:30.029 PM]: No config file path found. Client config will not be used."}
{"level":"INFO","message":"[7:30:30.029 PM]: Easy Logging is disabled as no config has been found"}
{"level":"INFO","message":"[7:30:30.030 PM]: Connection[id: 23153f57-aec7-44bb-aba9-690286a3e3d1] - authentication successful using: SNOWFLAKE"}
{"level":"INFO","message":"[7:32:13.596 PM]: Creating new connection object"}
{"level":"INFO","message":"[7:32:13.604 PM]: Creating Connection[id: fcd68be0-694f-46ad-aacb-cdc802fbddb1] with host: KM10607.snowflakecomputing.com, account: KM10607, accessUrl: https://KM10607.snowflakecomputing.com, user: imadfazli, role: undefined, database: RESQ_DB, schema: PUBLIC, warehouse: COMPUTE_WH, proxy was not configured, password is provided, region: undefined, authenticator: SNOWFLAKE, ocsp mode: FAIL_OPEN, os: win32, os version: 10.0.26200"}
{"level":"INFO","message":"[7:32:13.605 PM]: Connection[id: fcd68be0-694f-46ad-aacb-cdc802fbddb1] additional details: passcode in password is provided, passcode is not provided, private key is not provided, application: undefined, client name: snowflake-sdk, client version: 3.3.0, retry timeout: 300, private key path: undefined, private key pass is not provided, client store temporary credential: false, browser response timeout: 120000"}
{"level":"INFO","message":"[7:32:13.606 PM]: Connection[id: fcd68be0-694f-46ad-aacb-cdc802fbddb1] - connection object created successfully."}
{"level":"INFO","message":"[7:32:13.607 PM]: Connection[id: fcd68be0-694f-46ad-aacb-cdc802fbddb1] - async connecting. Associated Snowflake domain: GLOBAL"}
{"level":"INFO","message":"[7:32:13.607 PM]: Trying to initialize Easy Logging"}
{"level":"INFO","message":"[7:32:13.623 PM]: No client config detected."}
{"level":"INFO","message":"[7:32:13.623 PM]: No config file path found. Client config will not be used."}
{"level":"INFO","message":"[7:32:13.624 PM]: Easy Logging is disabled as no config has been found"}
{"level":"INFO","message":"[7:32:13.624 PM]: Connection[id: fcd68be0-694f-46ad-aacb-cdc802fbddb1] - authentication successful using: SNOWFLAKE"}
{"level":"ERROR","message":"[7:35:20.448 PM]: Connection[id: fcd68be0-694f-46ad-aacb-cdc802fbddb1] - connection failed after 186842.15 milliseconds. Error: connect EACCES 64:ff9b::6415:89b7:443; connect EACCES 34.212.151.68:443; connect EACCES 64:ff9b::36bb:20ae:443; connect EACCES 100.21.137.183:443; connect EACCES 64:ff9b::22d4:9744:443; connect EACCES 54.187.32.174:443"}
{"level":"INFO","message":"[7:40:35.575 PM]: Creating new connection object"}
{"level":"INFO","message":"[7:40:35.585 PM]: Creating Connection[id: c180e9f1-97ee-4fb4-b942-7cb3ad563544] with host: KM10607.snowflakecomputing.com, account: KM10607, accessUrl: https://KM10607.snowflakecomputing.com, user: imadfazli, role: undefined, database: RESQ_DB, schema: PUBLIC, warehouse: COMPUTE_WH, proxy was not configured, password is provided, region: undefined, authenticator: SNOWFLAKE, ocsp mode: FAIL_OPEN, os: win32, os version: 10.0.26200"}
{"level":"INFO","message":"[7:40:35.585 PM]: Connection[id: c180e9f1-97ee-4fb4-b942-7cb3ad563544] additional details: passcode in password is provided, passcode is not provided, private key is not provided, application: undefined, client name: snowflake-sdk, client version: 3.3.0, retry timeout: 300, private key path: undefined, private key pass is not provided, client store temporary credential: false, browser response timeout: 120000"}
{"level":"INFO","message":"[7:40:35.586 PM]: Connection[id: c180e9f1-97ee-4fb4-b942-7cb3ad563544] - connection object created successfully."}
{"level":"INFO","message":"[7:40:35.586 PM]: Connection[id: c180e9f1-97ee-4fb4-b942-7cb3ad563544] - async connecting. Associated Snowflake domain: GLOBAL"}
{"level":"INFO","message":"[7:40:35.587 PM]: Trying to initialize Easy Logging"}
{"level":"INFO","message":"[7:40:35.604 PM]: No client config detected."}
{"level":"INFO","message":"[7:40:35.604 PM]: No config file path found. Client config will not be used."}
{"level":"INFO","message":"[7:40:35.604 PM]: Easy Logging is disabled as no config has been found"}
{"level":"INFO","message":"[7:40:35.605 PM]: Connection[id: c180e9f1-97ee-4fb4-b942-7cb3ad563544] - authentication successful using: SNOWFLAKE"}
{"level":"ERROR","message":"[7:40:41.669 PM]: Connection[id: c180e9f1-97ee-4fb4-b942-7cb3ad563544] - connection failed after 6082.67 milliseconds. Error: Request to Snowflake failed."}
{"level":"INFO","message":"[7:48:27.552 PM]: Creating new connection object"}
{"level":"INFO","message":"[7:48:27.560 PM]: Creating Connection[id: c4cbf2c0-68c7-4e8a-986f-5c68cd1474c1] with host: KM10607.snowflakecomputing.com, account: KM10607, accessUrl: https://KM10607.snowflakecomputing.com, user: imadfazli, role: undefined, database: RESQ_DB, schema: PUBLIC, warehouse: COMPUTE_WH, proxy was not configured, password is provided, region: undefined, authenticator: SNOWFLAKE, ocsp mode: FAIL_OPEN, os: win32, os version: 10.0.26200"}
{"level":"INFO","message":"[7:48:27.561 PM]: Connection[id: c4cbf2c0-68c7-4e8a-986f-5c68cd1474c1] additional details: passcode in password is provided, passcode is not provided, private key is not provided, application: undefined, client name: snowflake-sdk, client version: 3.3.0, retry timeout: 300, private key path: undefined, private key pass is not provided, client store temporary credential: false, browser response timeout: 120000"}
{"level":"INFO","message":"[7:48:27.561 PM]: Connection[id: c4cbf2c0-68c7-4e8a-986f-5c68cd1474c1] - connection object created successfully."}
{"level":"INFO","message":"[7:48:27.562 PM]: Connection[id: c4cbf2c0-68c7-4e8a-986f-5c68cd1474c1] - async connecting. Associated Snowflake domain: GLOBAL"}
{"level":"INFO","message":"[7:48:27.564 PM]: Trying to initialize Easy Logging"}
{"level":"INFO","message":"[7:48:27.583 PM]: No client config detected."}
{"level":"INFO","message":"[7:48:27.584 PM]: No config file path found. Client config will not be used."}
{"level":"INFO","message":"[7:48:27.584 PM]: Easy Logging is disabled as no config has been found"}
{"level":"INFO","message":"[7:48:27.585 PM]: Connection[id: c4cbf2c0-68c7-4e8a-986f-5c68cd1474c1] - authentication successful using: SNOWFLAKE"}
{"level":"ERROR","message":"[7:48:32.689 PM]: Connection[id: c4cbf2c0-68c7-4e8a-986f-5c68cd1474c1] - connection failed after 5126.43 milliseconds. Error: Request to Snowflake failed."}
{"level":"INFO","message":"[7:48:47.692 PM]: Creating new connection object"}
{"level":"INFO","message":"[7:48:47.694 PM]: Creating Connection[id: 4295f7e9-0f6a-4f24-afdf-ee78e4abc128] with host: KM10607.snowflakecomputing.com, account: KM10607, accessUrl: https://KM10607.snowflakecomputing.com, user: imadfazli, role: undefined, database: RESQ_DB, schema: PUBLIC, warehouse: COMPUTE_WH, proxy was not configured, password is provided, region: undefined, authenticator: SNOWFLAKE, ocsp mode: FAIL_OPEN, os: win32, os version: 10.0.26200"}
{"level":"INFO","message":"[7:48:47.695 PM]: Connection[id: 4295f7e9-0f6a-4f24-afdf-ee78e4abc128] additional details: passcode in password is provided, passcode is not provided, private key is not provided, application: undefined, client name: snowflake-sdk, client version: 3.3.0, retry timeout: 300, private key path: undefined, private key pass is not provided, client store temporary credential: false, browser response timeout: 120000"}
{"level":"INFO","message":"[7:48:47.695 PM]: Connection[id: 4295f7e9-0f6a-4f24-afdf-ee78e4abc128] - connection object created successfully."}
{"level":"INFO","message":"[7:48:47.695 PM]: Connection[id: 4295f7e9-0f6a-4f24-afdf-ee78e4abc128] - async connecting. Associated Snowflake domain: GLOBAL"}
{"level":"INFO","message":"[7:48:47.695 PM]: Connection[id: 4295f7e9-0f6a-4f24-afdf-ee78e4abc128] - authentication successful using: SNOWFLAKE"}
{"level":"ERROR","message":"[7:48:50.610 PM]: Connection[id: 4295f7e9-0f6a-4f24-afdf-ee78e4abc128] - connection failed after 2914.91 milliseconds. Error: Request to Snowflake failed."}
{"level":"INFO","message":"[7:49:05.618 PM]: Creating new connection object"}
{"level":"INFO","message":"[7:49:05.622 PM]: Creating Connection[id: fcd5ea2b-13df-4383-bdcd-ad97c047f1be] with host: KM10607.snowflakecomputing.com, account: KM10607, accessUrl: https://KM10607.snowflakecomputing.com, user: imadfazli, role: undefined, database: RESQ_DB, schema: PUBLIC, warehouse: COMPUTE_WH, proxy was not configured, password is provided, region: undefined, authenticator: SNOWFLAKE, ocsp mode: FAIL_OPEN, os: win32, os version: 10.0.26200"}
{"level":"INFO","message":"[7:49:05.624 PM]: Connection[id: fcd5ea2b-13df-4383-bdcd-ad97c047f1be] additional details: passcode in password is provided, passcode is not provided, private key is not provided, application: undefined, client name: snowflake-sdk, client version: 3.3.0, retry timeout: 300, private key path: undefined, private key pass is not provided, client store temporary credential: false, browser response timeout: 120000"}
{"level":"INFO","message":"[7:49:05.624 PM]: Connection[id: fcd5ea2b-13df-4383-bdcd-ad97c047f1be] - connection object created successfully."}
{"level":"INFO","message":"[7:49:05.634 PM]: Connection[id: fcd5ea2b-13df-4383-bdcd-ad97c047f1be] - async connecting. Associated Snowflake domain: GLOBAL"}
{"level":"INFO","message":"[7:49:05.635 PM]: Connection[id: fcd5ea2b-13df-4383-bdcd-ad97c047f1be] - authentication successful using: SNOWFLAKE"}
{"level":"ERROR","message":"[7:49:09.758 PM]: Connection[id: fcd5ea2b-13df-4383-bdcd-ad97c047f1be] - connection failed after 4124.73 milliseconds. Error: Request to Snowflake failed."}
{"level":"INFO","message":"[7:49:24.772 PM]: Creating new connection object"}
{"level":"INFO","message":"[7:49:24.775 PM]: Creating Connection[id: c5c1e419-c8bb-4801-8709-546e9e08618f] with host: KM10607.snowflakecomputing.com, account: KM10607, accessUrl: https://KM10607.snowflakecomputing.com, user: imadfazli, role: undefined, database: RESQ_DB, schema: PUBLIC, warehouse: COMPUTE_WH, proxy was not configured, password is provided, region: undefined, authenticator: SNOWFLAKE, ocsp mode: FAIL_OPEN, os: win32, os version: 10.0.26200"}
{"level":"INFO","message":"[7:49:24.776 PM]: Connection[id: c5c1e419-c8bb-4801-8709-546e9e08618f] additional details: passcode in password is provided, passcode is not provided, private key is not provided, application: undefined, client name: snowflake-sdk, client version: 3.3.0, retry timeout: 300, private key path: undefined, private key pass is not provided, client store temporary credential: false, browser response timeout: 120000"}
{"level":"INFO","message":"[7:49:24.777 PM]: Connection[id: c5c1e419-c8bb-4801-8709-546e9e08618f] - connection object created successfully."}
{"level":"INFO","message":"[7:49:24.778 PM]: Connection[id: c5c1e419-c8bb-4801-8709-546e9e08618f] - async connecting. Associated Snowflake domain: GLOBAL"}
{"level":"INFO","message":"[7:49:24.782 PM]: Connection[id: c5c1e419-c8bb-4801-8709-546e9e08618f] - authentication successful using: SNOWFLAKE"}
{"level":"ERROR","message":"[7:49:27.613 PM]: Connection[id: c5c1e419-c8bb-4801-8709-546e9e08618f] - connection failed after 2832.44 milliseconds. Error: Request to Snowflake failed."}
{"level":"INFO","message":"[7:49:42.622 PM]: Creating new connection object"}
{"level":"INFO","message":"[7:49:42.626 PM]: Creating Connection[id: 3690d8b9-c633-4f89-b62c-5a29defb9ba4] with host: KM10607.snowflakecomputing.com, account: KM10607, accessUrl: https://KM10607.snowflakecomputing.com, user: imadfazli, role: undefined, database: RESQ_DB, schema: PUBLIC, warehouse: COMPUTE_WH, proxy was not configured, password is provided, region: undefined, authenticator: SNOWFLAKE, ocsp mode: FAIL_OPEN, os: win32, os version: 10.0.26200"}
{"level":"INFO","message":"[7:49:42.627 PM]: Connection[id: 3690d8b9-c633-4f89-b62c-5a29defb9ba4] additional details: passcode in password is provided, passcode is not provided, private key is not provided, application: undefined, client name: snowflake-sdk, client version: 3.3.0, retry timeout: 300, private key path: undefined, private key pass is not provided, client store temporary credential: false, browser response timeout: 120000"}
{"level":"INFO","message":"[7:49:42.627 PM]: Connection[id: 3690d8b9-c633-4f89-b62c-5a29defb9ba4] - connection object created successfully."}
{"level":"INFO","message":"[7:49:42.628 PM]: Connection[id: 3690d8b9-c633-4f89-b62c-5a29defb9ba4] - async connecting. Associated Snowflake domain: GLOBAL"}
{"level":"INFO","message":"[7:49:42.628 PM]: Connection[id: 3690d8b9-c633-4f89-b62c-5a29defb9ba4] - authentication successful using: SNOWFLAKE"}
{"level":"ERROR","message":"[7:49:45.599 PM]: Connection[id: 3690d8b9-c633-4f89-b62c-5a29defb9ba4] - connection failed after 2971.51 milliseconds. Error: Request to Snowflake failed."}
{"level":"INFO","message":"[7:50:00.603 PM]: Creating new connection object"}
{"level":"INFO","message":"[7:50:00.606 PM]: Creating Connection[id: c3b6c117-c167-44eb-ae3a-98e0e8c33a38] with host: KM10607.snowflakecomputing.com, account: KM10607, accessUrl: https://KM10607.snowflakecomputing.com, user: imadfazli, role: undefined, database: RESQ_DB, schema: PUBLIC, warehouse: COMPUTE_WH, proxy was not configured, password is provided, region: undefined, authenticator: SNOWFLAKE, ocsp mode: FAIL_OPEN, os: win32, os version: 10.0.26200"}
{"level":"INFO","message":"[7:50:00.606 PM]: Connection[id: c3b6c117-c167-44eb-ae3a-98e0e8c33a38] additional details: passcode in password is provided, passcode is not provided, private key is not provided, application: undefined, client name: snowflake-sdk, client version: 3.3.0, retry timeout: 300, private key path: undefined, private key pass is not provided, client store temporary credential: false, browser response timeout: 120000"}
{"level":"INFO","message":"[7:50:00.607 PM]: Connection[id: c3b6c117-c167-44eb-ae3a-98e0e8c33a38] - connection object created successfully."}
{"level":"INFO","message":"[7:50:00.607 PM]: Connection[id: c3b6c117-c167-44eb-ae3a-98e0e8c33a38] - async connecting. Associated Snowflake domain: GLOBAL"}
{"level":"INFO","message":"[7:50:00.607 PM]: Connection[id: c3b6c117-c167-44eb-ae3a-98e0e8c33a38] - authentication successful using: SNOWFLAKE"}
{"level":"ERROR","message":"[7:50:03.321 PM]: Connection[id: c3b6c117-c167-44eb-ae3a-98e0e8c33a38] - connection failed after 2713.89 milliseconds. Error: Request to Snowflake failed."}
{"level":"INFO","message":"[7:50:18.327 PM]: Creating new connection object"}
{"level":"INFO","message":"[7:50:18.329 PM]: Creating Connection[id: 82519943-0fa4-4ef4-b6b2-217dc9568e3c] with host: KM10607.snowflakecomputing.com, account: KM10607, accessUrl: https://KM10607.snowflakecomputing.com, user: imadfazli, role: undefined, database: RESQ_DB, schema: PUBLIC, warehouse: COMPUTE_WH, proxy was not configured, password is provided, region: undefined, authenticator: SNOWFLAKE, ocsp mode: FAIL_OPEN, os: win32, os version: 10.0.26200"}
{"level":"INFO","message":"[7:50:18.330 PM]: Connection[id: 82519943-0fa4-4ef4-b6b2-217dc9568e3c] additional details: passcode in password is provided, passcode is not provided, private key is not provided, application: undefined, client name: snowflake-sdk, client version: 3.3.0, retry timeout: 300, private key path: undefined, private key pass is not provided, client store temporary credential: false, browser response timeout: 120000"}
{"level":"INFO","message":"[7:50:18.333 PM]: Connection[id: 82519943-0fa4-4ef4-b6b2-217dc9568e3c] - connection object created successfully."}
{"level":"INFO","message":"[7:50:18.333 PM]: Connection[id: 82519943-0fa4-4ef4-b6b2-217dc9568e3c] - async connecting. Associated Snowflake domain: GLOBAL"}
{"level":"INFO","message":"[7:50:18.334 PM]: Connection[id: 82519943-0fa4-4ef4-b6b2-217dc9568e3c] - authentication successful using: SNOWFLAKE"}
{"level":"ERROR","message":"[7:50:21.000 PM]: Connection[id: 82519943-0fa4-4ef4-b6b2-217dc9568e3c] - connection failed after 2667.07 milliseconds. Error: Request to Snowflake failed."}
{"level":"INFO","message":"[7:50:36.007 PM]: Creating new connection object"}
{"level":"INFO","message":"[7:50:36.008 PM]: Creating Connection[id: 4c38e6c0-a59b-4a41-8d85-6b7e3350ed4f] with host: KM10607.snowflakecomputing.com, account: KM10607, accessUrl: https://KM10607.snowflakecomputing.com, user: imadfazli, role: undefined, database: RESQ_DB, schema: PUBLIC, warehouse: COMPUTE_WH, proxy was not configured, password is provided, region: undefined, authenticator: SNOWFLAKE, ocsp mode: FAIL_OPEN, os: win32, os version: 10.0.26200"}
{"level":"INFO","message":"[7:50:36.009 PM]: Connection[id: 4c38e6c0-a59b-4a41-8d85-6b7e3350ed4f] additional details: passcode in password is provided, passcode is not provided, private key is not provided, application: undefined, client name: snowflake-sdk, client version: 3.3.0, retry timeout: 300, private key path: undefined, private key pass is not provided, client store temporary credential: false, browser response timeout: 120000"}
{"level":"INFO","message":"[7:50:36.010 PM]: Connection[id: 4c38e6c0-a59b-4a41-8d85-6b7e3350ed4f] - connection object created successfully."}
{"level":"INFO","message":"[7:50:36.010 PM]: Connection[id: 4c38e6c0-a59b-4a41-8d85-6b7e3350ed4f] - async connecting. Associated Snowflake domain: GLOBAL"}
{"level":"INFO","message":"[7:50:36.011 PM]: Connection[id: 4c38e6c0-a59b-4a41-8d85-6b7e3350ed4f] - authentication successful using: SNOWFLAKE"}
{"level":"ERROR","message":"[7:50:38.643 PM]: Connection[id: 4c38e6c0-a59b-4a41-8d85-6b7e3350ed4f] - connection failed after 2632.57 milliseconds. Error: Request to Snowflake failed."}
{"level":"INFO","message":"[7:50:53.651 PM]: Creating new connection object"}
{"level":"INFO","message":"[7:50:53.652 PM]: Creating Connection[id: 24956fff-b013-4663-a2d6-702f2496a114] with host: KM10607.snowflakecomputing.com, account: KM10607, accessUrl: https://KM10607.snowflakecomputing.com, user: imadfazli, role: undefined, database: RESQ_DB, schema: PUBLIC, warehouse: COMPUTE_WH, proxy was not configured, password is provided, region: undefined, authenticator: SNOWFLAKE, ocsp mode: FAIL_OPEN, os: win32, os version: 10.0.26200"}
{"level":"INFO","message":"[7:50:53.653 PM]: Connection[id: 24956fff-b013-4663-a2d6-702f2496a114] additional details: passcode in password is provided, passcode is not provided, private key is not provided, application: undefined, client name: snowflake-sdk, client version: 3.3.0, retry timeout: 300, private key path: undefined, private key pass is not provided, client store temporary credential: false, browser response timeout: 120000"}
{"level":"INFO","message":"[7:50:53.654 PM]: Connection[id: 24956fff-b013-4663-a2d6-702f2496a114] - connection object created successfully."}
{"level":"INFO","message":"[7:50:53.654 PM]: Connection[id: 24956fff-b013-4663-a2d6-702f2496a114] - async connecting. Associated Snowflake domain: GLOBAL"}
{"level":"INFO","message":"[7:50:53.655 PM]: Connection[id: 24956fff-b013-4663-a2d6-702f2496a114] - authentication successful using: SNOWFLAKE"}
{"level":"ERROR","message":"[7:50:56.666 PM]: Connection[id: 24956fff-b013-4663-a2d6-702f2496a114] - connection failed after 3011.67 milliseconds. Error: Request to Snowflake failed."}
{"level":"INFO","message":"[7:51:11.681 PM]: Creating new connection object"}
{"level":"INFO","message":"[7:51:11.684 PM]: Creating Connection[id: 821f0e7d-354e-4551-8f37-4188dc2c3f31] with host: KM10607.snowflakecomputing.com, account: KM10607, accessUrl: https://KM10607.snowflakecomputing.com, user: imadfazli, role: undefined, database: RESQ_DB, schema: PUBLIC, warehouse: COMPUTE_WH, proxy was not configured, password is provided, region: undefined, authenticator: SNOWFLAKE, ocsp mode: FAIL_OPEN, os: win32, os version: 10.0.26200"}
{"level":"INFO","message":"[7:51:11.686 PM]: Connection[id: 821f0e7d-354e-4551-8f37-4188dc2c3f31] additional details: passcode in password is provided, passcode is not provided, private key is not provided, application: undefined, client name: snowflake-sdk, client version: 3.3.0, retry timeout: 300, private key path: undefined, private key pass is not provided, client store temporary credential: false, browser response timeout: 120000"}
{"level":"INFO","message":"[7:51:11.686 PM]: Connection[id: 821f0e7d-354e-4551-8f37-4188dc2c3f31] - connection object created successfully."}
{"level":"INFO","message":"[7:51:11.687 PM]: Connection[id: 821f0e7d-354e-4551-8f37-4188dc2c3f31] - async connecting. Associated Snowflake domain: GLOBAL"}
{"level":"INFO","message":"[7:51:11.688 PM]: Connection[id: 821f0e7d-354e-4551-8f37-4188dc2c3f31] - authentication successful using: SNOWFLAKE"}
{"level":"ERROR","message":"[7:51:14.349 PM]: Connection[id: 821f0e7d-354e-4551-8f37-4188dc2c3f31] - connection failed after 2661.92 milliseconds. Error: Request to Snowflake failed."}
{"level":"INFO","message":"[7:51:29.353 PM]: Creating new connection object"}
{"level":"INFO","message":"[7:51:29.356 PM]: Creating Connection[id: abb90ea0-0479-4ea8-a8d5-1be4e7c06423] with host: KM10607.snowflakecomputing.com, account: KM10607, accessUrl: https://KM10607.snowflakecomputing.com, user: imadfazli, role: undefined, database: RESQ_DB, schema: PUBLIC, warehouse: COMPUTE_WH, proxy was not configured, password is provided, region: undefined, authenticator: SNOWFLAKE, ocsp mode: FAIL_OPEN, os: win32, os version: 10.0.26200"}
{"level":"INFO","message":"[7:51:29.356 PM]: Connection[id: abb90ea0-0479-4ea8-a8d5-1be4e7c06423] additional details: passcode in password is provided, passcode is not provided, private key is not provided, application: undefined, client name: snowflake-sdk, client version: 3.3.0, retry timeout: 300, private key path: undefined, private key pass is not provided, client store temporary credential: false, browser response timeout: 120000"}
{"level":"INFO","message":"[7:51:29.357 PM]: Connection[id: abb90ea0-0479-4ea8-a8d5-1be4e7c06423] - connection object created successfully."}
{"level":"INFO","message":"[7:51:29.357 PM]: Connection[id: abb90ea0-0479-4ea8-a8d5-1be4e7c06423] - async connecting. Associated Snowflake domain: GLOBAL"}
{"level":"INFO","message":"[7:51:29.358 PM]: Connection[id: abb90ea0-0479-4ea8-a8d5-1be4e7c06423] - authentication successful using: SNOWFLAKE"}
{"level":"ERROR","message":"[7:51:33.060 PM]: Connection[id: abb90ea0-0479-4ea8-a8d5-1be4e7c06423] - connection failed after 3702.85 milliseconds. Error: Request to Snowflake failed."}
{"level":"INFO","message":"[7:51:50.680 PM]: Creating new connection object"}
{"level":"INFO","message":"[7:51:50.682 PM]: Creating Connection[id: a44eb928-a0c4-42ee-82dc-6b89242dd79d] with host: KM10607.snowflakecomputing.com, account: KM10607, accessUrl: https://KM10607.snowflakecomputing.com, user: imadfazli, role: undefined, database: RESQ_DB, schema: PUBLIC, warehouse: COMPUTE_WH, proxy was not configured, password is provided, region: undefined, authenticator: SNOWFLAKE, ocsp mode: FAIL_OPEN, os: win32, os version: 10.0.26200"}
{"level":"INFO","message":"[7:51:50.683 PM]: Connection[id: a44eb928-a0c4-42ee-82dc-6b89242dd79d] additional details: passcode in password is provided, passcode is not provided, private key is not provided, application: undefined, client name: snowflake-sdk, client version: 3.3.0, retry timeout: 300, private key path: undefined, private key pass is not provided, client store temporary credential: false, browser response timeout: 120000"}
{"level":"INFO","message":"[7:51:50.684 PM]: Connection[id: a44eb928-a0c4-42ee-82dc-6b89242dd79d] - connection object created successfully."}
{"level":"INFO","message":"[7:51:50.685 PM]: Connection[id: a44eb928-a0c4-42ee-82dc-6b89242dd79d] - async connecting. Associated Snowflake domain: GLOBAL"}
{"level":"INFO","message":"[7:51:50.685 PM]: Connection[id: a44eb928-a0c4-42ee-82dc-6b89242dd79d] - authentication successful using: SNOWFLAKE"}
{"level":"ERROR","message":"[7:51:54.525 PM]: Connection[id: a44eb928-a0c4-42ee-82dc-6b89242dd79d] - connection failed after 3840.63 milliseconds. Error: Request to Snowflake failed."}
{"level":"INFO","message":"[7:52:09.535 PM]: Creating new connection object"}
{"level":"INFO","message":"[7:52:09.538 PM]: Creating Connection[id: ccb0b350-9946-4a3a-a756-79705e45f90d] with host: KM10607.snowflakecomputing.com, account: KM10607, accessUrl: https://KM10607.snowflakecomputing.com, user: imadfazli, role: undefined, database: RESQ_DB, schema: PUBLIC, warehouse: COMPUTE_WH, proxy was not configured, password is provided, region: undefined, authenticator: SNOWFLAKE, ocsp mode: FAIL_OPEN, os: win32, os version: 10.0.26200"}
{"level":"INFO","message":"[7:52:09.539 PM]: Connection[id: ccb0b350-9946-4a3a-a756-79705e45f90d] additional details: passcode in password is provided, passcode is not provided, private key is not provided, application: undefined, client name: snowflake-sdk, client version: 3.3.0, retry timeout: 300, private key path: undefined, private key pass is not provided, client store temporary credential: false, browser response timeout: 120000"}
{"level":"INFO","message":"[7:52:09.540 PM]: Connection[id: ccb0b350-9946-4a3a-a756-79705e45f90d] - connection object created successfully."}
{"level":"INFO","message":"[7:52:09.541 PM]: Connection[id: ccb0b350-9946-4a3a-a756-79705e45f90d] - async connecting. Associated Snowflake domain: GLOBAL"}
{"level":"INFO","message":"[7:52:09.542 PM]: Connection[id: ccb0b350-9946-4a3a-a756-79705e45f90d] - authentication successful using: SNOWFLAKE"}
{"level":"ERROR","message":"[7:52:13.034 PM]: Connection[id: ccb0b350-9946-4a3a-a756-79705e45f90d] - connection failed after 3492.88 milliseconds. Error: Request to Snowflake failed."}
{"level":"INFO","message":"[7:52:28.045 PM]: Creating new connection object"}
{"level":"INFO","message":"[7:52:28.046 PM]: Creating Connection[id: fb9960ec-ccec-41ed-bd86-46d6609c12fd] with host: KM10607.snowflakecomputing.com, account: KM10607, accessUrl: https://KM10607.snowflakecomputing.com, user: imadfazli, role: undefined, database: RESQ_DB, schema: PUBLIC, warehouse: COMPUTE_WH, proxy was not configured, password is provided, region: undefined, authenticator: SNOWFLAKE, ocsp mode: FAIL_OPEN, os: win32, os version: 10.0.26200"}
{"level":"INFO","message":"[7:52:28.047 PM]: Connection[id: fb9960ec-ccec-41ed-bd86-46d6609c12fd] additional details: passcode in password is provided, passcode is not provided, private key is not provided, application: undefined, client name: snowflake-sdk, client version: 3.3.0, retry timeout: 300, private key path: undefined, private key pass is not provided, client store temporary credential: false, browser response timeout: 120000"}
{"level":"INFO","message":"[7:52:28.047 PM]: Connection[id: fb9960ec-ccec-41ed-bd86-46d6609c12fd] - connection object created successfully."}
{"level":"INFO","message":"[7:52:28.048 PM]: Connection[id: fb9960ec-ccec-41ed-bd86-46d6609c12fd] - async connecting. Associated Snowflake domain: GLOBAL"}
{"level":"INFO","message":"[7:52:28.048 PM]: Connection[id: fb9960ec-ccec-41ed-bd86-46d6609c12fd] - authentication successful using: SNOWFLAKE"}
{"level":"ERROR","message":"[7:52:30.570 PM]: Connection[id: fb9960ec-ccec-41ed-bd86-46d6609c12fd] - connection failed after 2522.72 milliseconds. Error: Request to Snowflake failed."}
{"level":"INFO","message":"[7:52:35.694 PM]: Creating new connection object"}
{"level":"INFO","message":"[7:52:35.702 PM]: Creating Connection[id: 0176fb9b-7c3f-4e86-9eb2-55c3aa848354] with host: KM10607.snowflakecomputing.com, account: KM10607, accessUrl: https://KM10607.snowflakecomputing.com, user: imadfazli, role: undefined, database: RESQ_DB, schema: PUBLIC, warehouse: COMPUTE_WH, proxy was not configured, password is provided, region: undefined, authenticator: SNOWFLAKE, ocsp mode: FAIL_OPEN, os: win32, os version: 10.0.26200"}
{"level":"INFO","message":"[7:52:35.703 PM]: Connection[id: 0176fb9b-7c3f-4e86-9eb2-55c3aa848354] additional details: passcode in password is provided, passcode is not provided, private key is not provided, application: undefined, client name: snowflake-sdk, client version: 3.3.0, retry timeout: 300, private key path: undefined, private key pass is not provided, client store temporary credential: false, browser response timeout: 120000"}
{"level":"INFO","message":"[7:52:35.703 PM]: Connection[id: 0176fb9b-7c3f-4e86-9eb2-55c3aa848354] - connection object created successfully."}
{"level":"INFO","message":"[7:52:35.704 PM]: Connection[id: 0176fb9b-7c3f-4e86-9eb2-55c3aa848354] - async connecting. Associated Snowflake domain: GLOBAL"}
{"level":"INFO","message":"[7:52:35.705 PM]: Trying to initialize Easy Logging"}
{"level":"INFO","message":"[7:52:35.722 PM]: No client config detected."}
{"level":"INFO","message":"[7:52:35.722 PM]: No config file path found. Client config will not be used."}
{"level":"INFO","message":"[7:52:35.723 PM]: Easy Logging is disabled as no config has been found"}
{"level":"INFO","message":"[7:52:35.723 PM]: Connection[id: 0176fb9b-7c3f-4e86-9eb2-55c3aa848354] - authentication successful using: SNOWFLAKE"}
{"level":"ERROR","message":"[7:52:39.547 PM]: Connection[id: 0176fb9b-7c3f-4e86-9eb2-55c3aa848354] - connection failed after 3842.17 milliseconds. Error: Request to Snowflake failed."}
{"level":"INFO","message":"[7:52:45.578 PM]: Creating new connection object"}
{"level":"INFO","message":"[7:52:45.580 PM]: Creating Connection[id: ebd969f6-6d5e-4cdd-8be8-3b112b819344] with host: KM10607.snowflakecomputing.com, account: KM10607, accessUrl: https://KM10607.snowflakecomputing.com, user: imadfazli, role: undefined, database: RESQ_DB, schema: PUBLIC, warehouse: COMPUTE_WH, proxy was not configured, password is provided, region: undefined, authenticator: SNOWFLAKE, ocsp mode: FAIL_OPEN, os: win32, os version: 10.0.26200"}
{"level":"INFO","message":"[7:52:45.581 PM]: Connection[id: ebd969f6-6d5e-4cdd-8be8-3b112b819344] additional details: passcode in password is provided, passcode is not provided, private key is not provided, application: undefined, client name: snowflake-sdk, client version: 3.3.0, retry timeout: 300, private key path: undefined, private key pass is not provided, client store temporary credential: false, browser response timeout: 120000"}
{"level":"INFO","message":"[7:52:45.581 PM]: Connection[id: ebd969f6-6d5e-4cdd-8be8-3b112b819344] - connection object created successfully."}
{"level":"INFO","message":"[7:52:45.582 PM]: Connection[id: ebd969f6-6d5e-4cdd-8be8-3b112b819344] - async connecting. Associated Snowflake domain: GLOBAL"}
{"level":"INFO","message":"[7:52:45.582 PM]: Connection[id: ebd969f6-6d5e-4cdd-8be8-3b112b819344] - authentication successful using: SNOWFLAKE"}
{"level":"ERROR","message":"[7:52:48.310 PM]: Connection[id: ebd969f6-6d5e-4cdd-8be8-3b112b819344] - connection failed after 2728.38 milliseconds. Error: Request to Snowflake failed."}
{"level":"INFO","message":"[7:52:54.562 PM]: Creating new connection object"}
{"level":"INFO","message":"[7:52:54.563 PM]: Creating Connection[id: bc1bab98-d579-4a7a-b1fe-2840fe662058] with host: KM10607.snowflakecomputing.com, account: KM10607, accessUrl: https://KM10607.snowflakecomputing.com, user: imadfazli, role: undefined, database: RESQ_DB, schema: PUBLIC, warehouse: COMPUTE_WH, proxy was not configured, password is provided, region: undefined, authenticator: SNOWFLAKE, ocsp mode: FAIL_OPEN, os: win32, os version: 10.0.26200"}
{"level":"INFO","message":"[7:52:54.564 PM]: Connection[id: bc1bab98-d579-4a7a-b1fe-2840fe662058] additional details: passcode in password is provided, passcode is not provided, private key is not provided, application: undefined, client name: snowflake-sdk, client version: 3.3.0, retry timeout: 300, private key path: undefined, private key pass is not provided, client store temporary credential: false, browser response timeout: 120000"}
{"level":"INFO","message":"[7:52:54.564 PM]: Connection[id: bc1bab98-d579-4a7a-b1fe-2840fe662058] - connection object created successfully."}
{"level":"INFO","message":"[7:52:54.564 PM]: Connection[id: bc1bab98-d579-4a7a-b1fe-2840fe662058] - async connecting. Associated Snowflake domain: GLOBAL"}
{"level":"INFO","message":"[7:52:54.566 PM]: Connection[id: bc1bab98-d579-4a7a-b1fe-2840fe662058] - authentication successful using: SNOWFLAKE"}
{"level":"ERROR","message":"[7:52:57.127 PM]: Connection[id: bc1bab98-d579-4a7a-b1fe-2840fe662058] - connection failed after 2562.13 milliseconds. Error: Request to Snowflake failed."}
{"level":"INFO","message":"[7:53:03.310 PM]: Creating new connection object"}
{"level":"INFO","message":"[7:53:03.312 PM]: Creating Connection[id: 91462631-f6cf-4a02-b507-0a44c2e44e2b] with host: KM10607.snowflakecomputing.com, account: KM10607, accessUrl: https://KM10607.snowflakecomputing.com, user: imadfazli, role: undefined, database: RESQ_DB, schema: PUBLIC, warehouse: COMPUTE_WH, proxy was not configured, password is provided, region: undefined, authenticator: SNOWFLAKE, ocsp mode: FAIL_OPEN, os: win32, os version: 10.0.26200"}
{"level":"INFO","message":"[7:53:03.312 PM]: Connection[id: 91462631-f6cf-4a02-b507-0a44c2e44e2b] additional details: passcode in password is provided, passcode is not provided, private key is not provided, application: undefined, client name: snowflake-sdk, client version: 3.3.0, retry timeout: 300, private key path: undefined, private key pass is not provided, client store temporary credential: false, browser response timeout: 120000"}
{"level":"INFO","message":"[7:53:03.313 PM]: Connection[id: 91462631-f6cf-4a02-b507-0a44c2e44e2b] - connection object created successfully."}
{"level":"INFO","message":"[7:53:03.313 PM]: Connection[id: 91462631-f6cf-4a02-b507-0a44c2e44e2b] - async connecting. Associated Snowflake domain: GLOBAL"}
{"level":"INFO","message":"[7:53:03.314 PM]: Connection[id: 91462631-f6cf-4a02-b507-0a44c2e44e2b] - authentication successful using: SNOWFLAKE"}
{"level":"ERROR","message":"[7:53:06.167 PM]: Connection[id: 91462631-f6cf-4a02-b507-0a44c2e44e2b] - connection failed after 2853.36 milliseconds. Error: Request to Snowflake failed."}
{"level":"INFO","message":"[7:53:12.140 PM]: Creating new connection object"}
{"level":"INFO","message":"[7:53:12.143 PM]: Creating Connection[id: d20372f8-80b8-48a5-8679-6bb57081155f] with host: KM10607.snowflakecomputing.com, account: KM10607, accessUrl: https://KM10607.snowflakecomputing.com, user: imadfazli, role: undefined, database: RESQ_DB, schema: PUBLIC, warehouse: COMPUTE_WH, proxy was not configured, password is provided, region: undefined, authenticator: SNOWFLAKE, ocsp mode: FAIL_OPEN, os: win32, os version: 10.0.26200"}
{"level":"INFO","message":"[7:53:12.144 PM]: Connection[id: d20372f8-80b8-48a5-8679-6bb57081155f] additional details: passcode in password is provided, passcode is not provided, private key is not provided, application: undefined, client name: snowflake-sdk, client version: 3.3.0, retry timeout: 300, private key path: undefined, private key pass is not provided, client store temporary credential: false, browser response timeout: 120000"}
{"level":"INFO","message":"[7:53:12.145 PM]: Connection[id: d20372f8-80b8-48a5-8679-6bb57081155f] - connection object created successfully."}
{"level":"INFO","message":"[7:53:12.146 PM]: Connection[id: d20372f8-80b8-48a5-8679-6bb57081155f] - async connecting. Associated Snowflake domain: GLOBAL"}
{"level":"INFO","message":"[7:53:12.148 PM]: Connection[id: d20372f8-80b8-48a5-8679-6bb57081155f] - authentication successful using: SNOWFLAKE"}
{"level":"ERROR","message":"[7:53:14.998 PM]: Connection[id: d20372f8-80b8-48a5-8679-6bb57081155f] - connection failed after 2851.7 milliseconds. Error: Request to Snowflake failed."}
{"level":"INFO","message":"[7:53:21.179 PM]: Creating new connection object"}
{"level":"INFO","message":"[7:53:21.182 PM]: Creating Connection[id: 7d7b35e9-4f65-4618-9822-d4b7d87e35be] with host: KM10607.snowflakecomputing.com, account: KM10607, accessUrl: https://KM10607.snowflakecomputing.com, user: imadfazli, role: undefined, database: RESQ_DB, schema: PUBLIC, warehouse: COMPUTE_WH, proxy was not configured, password is provided, region: undefined, authenticator: SNOWFLAKE, ocsp mode: FAIL_OPEN, os: win32, os version: 10.0.26200"}
{"level":"INFO","message":"[7:53:21.183 PM]: Connection[id: 7d7b35e9-4f65-4618-9822-d4b7d87e35be] additional details: passcode in password is provided, passcode is not provided, private key is not provided, application: undefined, client name: snowflake-sdk, client version: 3.3.0, retry timeout: 300, private key path: undefined, private key pass is not provided, client store temporary credential: false, browser response timeout: 120000"}
{"level":"INFO","message":"[7:53:21.187 PM]: Connection[id: 7d7b35e9-4f65-4618-9822-d4b7d87e35be] - connection object created successfully."}
{"level":"INFO","message":"[7:53:21.188 PM]: Connection[id: 7d7b35e9-4f65-4618-9822-d4b7d87e35be] - async connecting. Associated Snowflake domain: GLOBAL"}
{"level":"INFO","message":"[7:53:21.188 PM]: Connection[id: 7d7b35e9-4f65-4618-9822-d4b7d87e35be] - authentication successful using: SNOWFLAKE"}
{"level":"ERROR","message":"[7:53:23.942 PM]: Connection[id: 7d7b35e9-4f65-4618-9822-d4b7d87e35be] - connection failed after 2754.08 milliseconds. Error: Request to Snowflake failed."}
{"level":"INFO","message":"[7:53:30.002 PM]: Creating new connection object"}
{"level":"INFO","message":"[7:53:30.004 PM]: Creating Connection[id: 360166fd-0822-41f0-98ca-baa4ca166003] with host: KM10607.snowflakecomputing.com, account: KM10607, accessUrl: https://KM10607.snowflakecomputing.com, user: imadfazli, role: undefined, database: RESQ_DB, schema: PUBLIC, warehouse: COMPUTE_WH, proxy was not configured, password is provided, region: undefined, authenticator: SNOWFLAKE, ocsp mode: FAIL_OPEN, os: win32, os version: 10.0.26200"}
{"level":"INFO","message":"[7:53:30.004 PM]: Connection[id: 360166fd-0822-41f0-98ca-baa4ca166003] additional details: passcode in password is provided, passcode is not provided, private key is not provided, application: undefined, client name: snowflake-sdk, client version: 3.3.0, retry timeout: 300, private key path: undefined, private key pass is not provided, client store temporary credential: false, browser response timeout: 120000"}
{"level":"INFO","message":"[7:53:30.005 PM]: Connection[id: 360166fd-0822-41f0-98ca-baa4ca166003] - connection object created successfully."}
{"level":"INFO","message":"[7:53:30.005 PM]: Connection[id: 360166fd-0822-41f0-98ca-baa4ca166003] - async connecting. Associated Snowflake domain: GLOBAL"}
{"level":"INFO","message":"[7:53:30.005 PM]: Connection[id: 360166fd-0822-41f0-98ca-baa4ca166003] - authentication successful using: SNOWFLAKE"}
{"level":"ERROR","message":"[7:53:32.656 PM]: Connection[id: 360166fd-0822-41f0-98ca-baa4ca166003] - connection failed after 2651.05 milliseconds. Error: Request to Snowflake failed."}
{"level":"INFO","message":"[7:53:38.954 PM]: Creating new connection object"}
{"level":"INFO","message":"[7:53:38.958 PM]: Creating Connection[id: fff5ba7b-ac73-4648-84fa-9afc0754d1da] with host: KM10607.snowflakecomputing.com, account: KM10607, accessUrl: https://KM10607.snowflakecomputing.com, user: imadfazli, role: undefined, database: RESQ_DB, schema: PUBLIC, warehouse: COMPUTE_WH, proxy was not configured, password is provided, region: undefined, authenticator: SNOWFLAKE, ocsp mode: FAIL_OPEN, os: win32, os version: 10.0.26200"}
{"level":"INFO","message":"[7:53:38.958 PM]: Connection[id: fff5ba7b-ac73-4648-84fa-9afc0754d1da] additional details: passcode in password is provided, passcode is not provided, private key is not provided, application: undefined, client name: snowflake-sdk, client version: 3.3.0, retry timeout: 300, private key path: undefined, private key pass is not provided, client store temporary credential: false, browser response timeout: 120000"}
{"level":"INFO","message":"[7:53:38.958 PM]: Connection[id: fff5ba7b-ac73-4648-84fa-9afc0754d1da] - connection object created successfully."}
{"level":"INFO","message":"[7:53:38.959 PM]: Connection[id: fff5ba7b-ac73-4648-84fa-9afc0754d1da] - async connecting. Associated Snowflake domain: GLOBAL"}
{"level":"INFO","message":"[7:53:38.959 PM]: Connection[id: fff5ba7b-ac73-4648-84fa-9afc0754d1da] - authentication successful using: SNOWFLAKE"}
{"level":"ERROR","message":"[7:53:42.774 PM]: Connection[id: fff5ba7b-ac73-4648-84fa-9afc0754d1da] - connection failed after 3815.18 milliseconds. Error: Request to Snowflake failed."}
{"level":"INFO","message":"[7:53:47.668 PM]: Creating new connection object"}
{"level":"INFO","message":"[7:53:47.670 PM]: Creating Connection[id: 81cd5571-874a-464d-9ad1-d50ad273eb1d] with host: KM10607.snowflakecomputing.com, account: KM10607, accessUrl: https://KM10607.snowflakecomputing.com, user: imadfazli, role: undefined, database: RESQ_DB, schema: PUBLIC, warehouse: COMPUTE_WH, proxy was not configured, password is provided, region: undefined, authenticator: SNOWFLAKE, ocsp mode: FAIL_OPEN, os: win32, os version: 10.0.26200"}
{"level":"INFO","message":"[7:53:47.670 PM]: Connection[id: 81cd5571-874a-464d-9ad1-d50ad273eb1d] additional details: passcode in password is provided, passcode is not provided, private key is not provided, application: undefined, client name: snowflake-sdk, client version: 3.3.0, retry timeout: 300, private key path: undefined, private key pass is not provided, client store temporary credential: false, browser response timeout: 120000"}
{"level":"INFO","message":"[7:53:47.671 PM]: Connection[id: 81cd5571-874a-464d-9ad1-d50ad273eb1d] - connection object created successfully."}
{"level":"INFO","message":"[7:53:47.671 PM]: Connection[id: 81cd5571-874a-464d-9ad1-d50ad273eb1d] - async connecting. Associated Snowflake domain: GLOBAL"}
{"level":"INFO","message":"[7:53:47.672 PM]: Connection[id: 81cd5571-874a-464d-9ad1-d50ad273eb1d] - authentication successful using: SNOWFLAKE"}
{"level":"ERROR","message":"[7:53:50.486 PM]: Connection[id: 81cd5571-874a-464d-9ad1-d50ad273eb1d] - connection failed after 2814.75 milliseconds. Error: Request to Snowflake failed."}
{"level":"INFO","message":"[7:53:57.783 PM]: Creating new connection object"}
{"level":"INFO","message":"[7:53:57.784 PM]: Creating Connection[id: 770fbec5-baa4-4450-a1e8-b5d8307daabe] with host: KM10607.snowflakecomputing.com, account: KM10607, accessUrl: https://KM10607.snowflakecomputing.com, user: imadfazli, role: undefined, database: RESQ_DB, schema: PUBLIC, warehouse: COMPUTE_WH, proxy was not configured, password is provided, region: undefined, authenticator: SNOWFLAKE, ocsp mode: FAIL_OPEN, os: win32, os version: 10.0.26200"}
{"level":"INFO","message":"[7:53:57.784 PM]: Connection[id: 770fbec5-baa4-4450-a1e8-b5d8307daabe] additional details: passcode in password is provided, passcode is not provided, private key is not provided, application: undefined, client name: snowflake-sdk, client version: 3.3.0, retry timeout: 300, private key path: undefined, private key pass is not provided, client store temporary credential: false, browser response timeout: 120000"}
{"level":"INFO","message":"[7:53:57.786 PM]: Connection[id: 770fbec5-baa4-4450-a1e8-b5d8307daabe] - connection object created successfully."}
{"level":"INFO","message":"[7:53:57.786 PM]: Connection[id: 770fbec5-baa4-4450-a1e8-b5d8307daabe] - async connecting. Associated Snowflake domain: GLOBAL"}
{"level":"INFO","message":"[7:53:57.786 PM]: Connection[id: 770fbec5-baa4-4450-a1e8-b5d8307daabe] - authentication successful using: SNOWFLAKE"}
{"level":"ERROR","message":"[7:54:00.372 PM]: Connection[id: 770fbec5-baa4-4450-a1e8-b5d8307daabe] - connection failed after 2585.66 milliseconds. Error: Request to Snowflake failed."}
{"level":"INFO","message":"[7:54:05.489 PM]: Creating new connection object"}
{"level":"INFO","message":"[7:54:05.491 PM]: Creating Connection[id: b234e596-0090-4667-95da-5a799c96a12d] with host: KM10607.snowflakecomputing.com, account: KM10607, accessUrl: https://KM10607.snowflakecomputing.com, user: imadfazli, role: undefined, database: RESQ_DB, schema: PUBLIC, warehouse: COMPUTE_WH, proxy was not configured, password is provided, region: undefined, authenticator: SNOWFLAKE, ocsp mode: FAIL_OPEN, os: win32, os version: 10.0.26200"}
{"level":"INFO","message":"[7:54:05.492 PM]: Connection[id: b234e596-0090-4667-95da-5a799c96a12d] additional details: passcode in password is provided, passcode is not provided, private key is not provided, application: undefined, client name: snowflake-sdk, client version: 3.3.0, retry timeout: 300, private key path: undefined, private key pass is not provided, client store temporary credential: false, browser response timeout: 120000"}
{"level":"INFO","message":"[7:54:05.492 PM]: Connection[id: b234e596-0090-4667-95da-5a799c96a12d] - connection object created successfully."}
{"level":"INFO","message":"[7:54:05.492 PM]: Connection[id: b234e596-0090-4667-95da-5a799c96a12d] - async connecting. Associated Snowflake domain: GLOBAL"}
{"level":"INFO","message":"[7:54:05.493 PM]: Connection[id: b234e596-0090-4667-95da-5a799c96a12d] - authentication successful using: SNOWFLAKE"}
{"level":"ERROR","message":"[7:54:08.715 PM]: Connection[id: b234e596-0090-4667-95da-5a799c96a12d] - connection failed after 3222.23 milliseconds. Error: Request to Snowflake failed."}
{"level":"INFO","message":"[7:54:15.379 PM]: Creating new connection object"}
{"level":"INFO","message":"[7:54:15.383 PM]: Creating Connection[id: 312aae51-d33e-4f47-9d90-1255745b2a36] with host: KM10607.snowflakecomputing.com, account: KM10607, accessUrl: https://KM10607.snowflakecomputing.com, user: imadfazli, role: undefined, database: RESQ_DB, schema: PUBLIC, warehouse: COMPUTE_WH, proxy was not configured, password is provided, region: undefined, authenticator: SNOWFLAKE, ocsp mode: FAIL_OPEN, os: win32, os version: 10.0.26200"}
{"level":"INFO","message":"[7:54:15.383 PM]: Connection[id: 312aae51-d33e-4f47-9d90-1255745b2a36] additional details: passcode in password is provided, passcode is not provided, private key is not provided, application: undefined, client name: snowflake-sdk, client version: 3.3.0, retry timeout: 300, private key path: undefined, private key pass is not provided, client store temporary credential: false, browser response timeout: 120000"}
{"level":"INFO","message":"[7:54:15.384 PM]: Connection[id: 312aae51-d33e-4f47-9d90-1255745b2a36] - connection object created successfully."}
{"level":"INFO","message":"[7:54:15.385 PM]: Connection[id: 312aae51-d33e-4f47-9d90-1255745b2a36] - async connecting. Associated Snowflake domain: GLOBAL"}
{"level":"INFO","message":"[7:54:15.386 PM]: Connection[id: 312aae51-d33e-4f47-9d90-1255745b2a36] - authentication successful using: SNOWFLAKE"}
{"level":"ERROR","message":"[7:54:18.831 PM]: Connection[id: 312aae51-d33e-4f47-9d90-1255745b2a36] - connection failed after 3446.24 milliseconds. Error: Request to Snowflake failed."}
{"level":"INFO","message":"[7:54:23.721 PM]: Creating new connection object"}
{"level":"INFO","message":"[7:54:23.723 PM]: Creating Connection[id: 84db7ba5-f424-4c1b-bd64-b104047c489f] with host: KM10607.snowflakecomputing.com, account: KM10607, accessUrl: https://KM10607.snowflakecomputing.com, user: imadfazli, role: undefined, database: RESQ_DB, schema: PUBLIC, warehouse: COMPUTE_WH, proxy was not configured, password is provided, region: undefined, authenticator: SNOWFLAKE, ocsp mode: FAIL_OPEN, os: win32, os version: 10.0.26200"}
{"level":"INFO","message":"[7:54:23.724 PM]: Connection[id: 84db7ba5-f424-4c1b-bd64-b104047c489f] additional details: passcode in password is provided, passcode is not provided, private key is not provided, application: undefined, client name: snowflake-sdk, client version: 3.3.0, retry timeout: 300, private key path: undefined, private key pass is not provided, client store temporary credential: false, browser response timeout: 120000"}
{"level":"INFO","message":"[7:54:23.724 PM]: Connection[id: 84db7ba5-f424-4c1b-bd64-b104047c489f] - connection object created successfully."}
{"level":"INFO","message":"[7:54:23.724 PM]: Connection[id: 84db7ba5-f424-4c1b-bd64-b104047c489f] - async connecting. Associated Snowflake domain: GLOBAL"}
{"level":"INFO","message":"[7:54:23.725 PM]: Connection[id: 84db7ba5-f424-4c1b-bd64-b104047c489f] - authentication successful using: SNOWFLAKE"}
{"level":"ERROR","message":"[7:54:26.245 PM]: Connection[id: 84db7ba5-f424-4c1b-bd64-b104047c489f] - connection failed after 2520.4 milliseconds. Error: Request to Snowflake failed."}
{"level":"INFO","message":"[7:54:33.847 PM]: Creating new connection object"}
{"level":"INFO","message":"[7:54:33.848 PM]: Creating Connection[id: 3fd16827-298c-4a7d-a347-012f548b5cdc] with host: KM10607.snowflakecomputing.com, account: KM10607, accessUrl: https://KM10607.snowflakecomputing.com, user: imadfazli, role: undefined, database: RESQ_DB, schema: PUBLIC, warehouse: COMPUTE_WH, proxy was not configured, password is provided, region: undefined, authenticator: SNOWFLAKE, ocsp mode: FAIL_OPEN, os: win32, os version: 10.0.26200"}
{"level":"INFO","message":"[7:54:33.849 PM]: Connection[id: 3fd16827-298c-4a7d-a347-012f548b5cdc] additional details: passcode in password is provided, passcode is not provided, private key is not provided, application: undefined, client name: snowflake-sdk, client version: 3.3.0, retry timeout: 300, private key path: undefined, private key pass is not provided, client store temporary credential: false, browser response timeout: 120000"}
{"level":"INFO","message":"[7:54:33.849 PM]: Connection[id: 3fd16827-298c-4a7d-a347-012f548b5cdc] - connection object created successfully."}
{"level":"INFO","message":"[7:54:33.850 PM]: Connection[id: 3fd16827-298c-4a7d-a347-012f548b5cdc] - async connecting. Associated Snowflake domain: GLOBAL"}
{"level":"INFO","message":"[7:54:33.850 PM]: Connection[id: 3fd16827-298c-4a7d-a347-012f548b5cdc] - authentication successful using: SNOWFLAKE"}
{"level":"ERROR","message":"[7:54:37.675 PM]: Connection[id: 3fd16827-298c-4a7d-a347-012f548b5cdc] - connection failed after 3825.4 milliseconds. Error: Request to Snowflake failed."}
{"level":"INFO","message":"[7:54:41.257 PM]: Creating new connection object"}
{"level":"INFO","message":"[7:54:41.260 PM]: Creating Connection[id: 79cea5e6-9032-428f-97ac-bdf32e4f996d] with host: KM10607.snowflakecomputing.com, account: KM10607, accessUrl: https://KM10607.snowflakecomputing.com, user: imadfazli, role: undefined, database: RESQ_DB, schema: PUBLIC, warehouse: COMPUTE_WH, proxy was not configured, password is provided, region: undefined, authenticator: SNOWFLAKE, ocsp mode: FAIL_OPEN, os: win32, os version: 10.0.26200"}
{"level":"INFO","message":"[7:54:41.261 PM]: Connection[id: 79cea5e6-9032-428f-97ac-bdf32e4f996d] additional details: passcode in password is provided, passcode is not provided, private key is not provided, application: undefined, client name: snowflake-sdk, client version: 3.3.0, retry timeout: 300, private key path: undefined, private key pass is not provided, client store temporary credential: false, browser response timeout: 120000"}
{"level":"INFO","message":"[7:54:41.263 PM]: Connection[id: 79cea5e6-9032-428f-97ac-bdf32e4f996d] - connection object created successfully."}
{"level":"INFO","message":"[7:54:41.264 PM]: Connection[id: 79cea5e6-9032-428f-97ac-bdf32e4f996d] - async connecting. Associated Snowflake domain: GLOBAL"}
{"level":"INFO","message":"[7:54:41.265 PM]: Connection[id: 79cea5e6-9032-428f-97ac-bdf32e4f996d] - authentication successful using: SNOWFLAKE"}
{"level":"ERROR","message":"[7:54:44.295 PM]: Connection[id: 79cea5e6-9032-428f-97ac-bdf32e4f996d] - connection failed after 3030.17 milliseconds. Error: Request to Snowflake failed."}
{"level":"INFO","message":"[7:54:52.690 PM]: Creating new connection object"}
{"level":"INFO","message":"[7:54:52.692 PM]: Creating Connection[id: 817d3ecb-8aa7-4488-ba76-91fc85910057] with host: KM10607.snowflakecomputing.com, account: KM10607, accessUrl: https://KM10607.snowflakecomputing.com, user: imadfazli, role: undefined, database: RESQ_DB, schema: PUBLIC, warehouse: COMPUTE_WH, proxy was not configured, password is provided, region: undefined, authenticator: SNOWFLAKE, ocsp mode: FAIL_OPEN, os: win32, os version: 10.0.26200"}
{"level":"INFO","message":"[7:54:52.692 PM]: Connection[id: 817d3ecb-8aa7-4488-ba76-91fc85910057] additional details: passcode in password is provided, passcode is not provided, private key is not provided, application: undefined, client name: snowflake-sdk, client version: 3.3.0, retry timeout: 300, private key path: undefined, private key pass is not provided, client store temporary credential: false, browser response timeout: 120000"}
{"level":"INFO","message":"[7:54:52.693 PM]: Connection[id: 817d3ecb-8aa7-4488-ba76-91fc85910057] - connection object created successfully."}
{"level":"INFO","message":"[7:54:52.694 PM]: Connection[id: 817d3ecb-8aa7-4488-ba76-91fc85910057] - async connecting. Associated Snowflake domain: GLOBAL"}
{"level":"INFO","message":"[7:54:52.694 PM]: Connection[id: 817d3ecb-8aa7-4488-ba76-91fc85910057] - authentication successful using: SNOWFLAKE"}
{"level":"ERROR","message":"[7:54:55.355 PM]: Connection[id: 817d3ecb-8aa7-4488-ba76-91fc85910057] - connection failed after 2661.03 milliseconds. Error: Request to Snowflake failed."}
{"level":"INFO","message":"[7:54:59.302 PM]: Creating new connection object"}
{"level":"INFO","message":"[7:54:59.304 PM]: Creating Connection[id: 903310e0-8588-4253-ae91-50a660c5488c] with host: KM10607.snowflakecomputing.com, account: KM10607, accessUrl: https://KM10607.snowflakecomputing.com, user: imadfazli, role: undefined, database: RESQ_DB, schema: PUBLIC, warehouse: COMPUTE_WH, proxy was not configured, password is provided, region: undefined, authenticator: SNOWFLAKE, ocsp mode: FAIL_OPEN, os: win32, os version: 10.0.26200"}
{"level":"INFO","message":"[7:54:59.305 PM]: Connection[id: 903310e0-8588-4253-ae91-50a660c5488c] additional details: passcode in password is provided, passcode is not provided, private key is not provided, application: undefined, client name: snowflake-sdk, client version: 3.3.0, retry timeout: 300, private key path: undefined, private key pass is not provided, client store temporary credential: false, browser response timeout: 120000"}
{"level":"INFO","message":"[7:54:59.305 PM]: Connection[id: 903310e0-8588-4253-ae91-50a660c5488c] - connection object created successfully."}
{"level":"INFO","message":"[7:54:59.306 PM]: Connection[id: 903310e0-8588-4253-ae91-50a660c5488c] - async connecting. Associated Snowflake domain: GLOBAL"}
{"level":"INFO","message":"[7:54:59.306 PM]: Connection[id: 903310e0-8588-4253-ae91-50a660c5488c] - authentication successful using: SNOWFLAKE"}
{"level":"ERROR","message":"[7:55:01.913 PM]: Connection[id: 903310e0-8588-4253-ae91-50a660c5488c] - connection failed after 2607.39 milliseconds. Error: Request to Snowflake failed."}
{"level":"INFO","message":"[7:55:10.363 PM]: Creating new connection object"}
{"level":"INFO","message":"[7:55:10.365 PM]: Creating Connection[id: a0f5ef2d-4993-44b2-a53e-fceb5933dcd1] with host: KM10607.snowflakecomputing.com, account: KM10607, accessUrl: https://KM10607.snowflakecomputing.com, user: imadfazli, role: undefined, database: RESQ_DB, schema: PUBLIC, warehouse: COMPUTE_WH, proxy was not configured, password is provided, region: undefined, authenticator: SNOWFLAKE, ocsp mode: FAIL_OPEN, os: win32, os version: 10.0.26200"}
{"level":"INFO","message":"[7:55:10.366 PM]: Connection[id: a0f5ef2d-4993-44b2-a53e-fceb5933dcd1] additional details: passcode in password is provided, passcode is not provided, private key is not provided, application: undefined, client name: snowflake-sdk, client version: 3.3.0, retry timeout: 300, private key path: undefined, private key pass is not provided, client store temporary credential: false, browser response timeout: 120000"}
{"level":"INFO","message":"[7:55:10.366 PM]: Connection[id: a0f5ef2d-4993-44b2-a53e-fceb5933dcd1] - connection object created successfully."}
{"level":"INFO","message":"[7:55:10.367 PM]: Connection[id: a0f5ef2d-4993-44b2-a53e-fceb5933dcd1] - async connecting. Associated Snowflake domain: GLOBAL"}
{"level":"INFO","message":"[7:55:10.368 PM]: Connection[id: a0f5ef2d-4993-44b2-a53e-fceb5933dcd1] - authentication successful using: SNOWFLAKE"}
{"level":"ERROR","message":"[7:55:13.218 PM]: Connection[id: a0f5ef2d-4993-44b2-a53e-fceb5933dcd1] - connection failed after 2851.11 milliseconds. Error: Request to Snowflake failed."}
{"level":"INFO","message":"[7:55:16.925 PM]: Creating new connection object"}
{"level":"INFO","message":"[7:55:16.936 PM]: Creating Connection[id: c5e60c27-a8cf-4824-9d89-9c0b1d293acd] with host: KM10607.snowflakecomputing.com, account: KM10607, accessUrl: https://KM10607.snowflakecomputing.com, user: imadfazli, role: undefined, database: RESQ_DB, schema: PUBLIC, warehouse: COMPUTE_WH, proxy was not configured, password is provided, region: undefined, authenticator: SNOWFLAKE, ocsp mode: FAIL_OPEN, os: win32, os version: 10.0.26200"}
{"level":"INFO","message":"[7:55:16.938 PM]: Connection[id: c5e60c27-a8cf-4824-9d89-9c0b1d293acd] additional details: passcode in password is provided, passcode is not provided, private key is not provided, application: undefined, client name: snowflake-sdk, client version: 3.3.0, retry timeout: 300, private key path: undefined, private key pass is not provided, client store temporary credential: false, browser response timeout: 120000"}
{"level":"INFO","message":"[7:55:16.939 PM]: Connection[id: c5e60c27-a8cf-4824-9d89-9c0b1d293acd] - connection object created successfully."}
{"level":"INFO","message":"[7:55:16.940 PM]: Connection[id: c5e60c27-a8cf-4824-9d89-9c0b1d293acd] - async connecting. Associated Snowflake domain: GLOBAL"}
{"level":"INFO","message":"[7:55:16.941 PM]: Connection[id: c5e60c27-a8cf-4824-9d89-9c0b1d293acd] - authentication successful using: SNOWFLAKE"}
{"level":"ERROR","message":"[7:55:19.776 PM]: Connection[id: c5e60c27-a8cf-4824-9d89-9c0b1d293acd] - connection failed after 2836.05 milliseconds. Error: Request to Snowflake failed."}
{"level":"INFO","message":"[7:55:28.233 PM]: Creating new connection object"}
{"level":"INFO","message":"[7:55:28.235 PM]: Creating Connection[id: b5fa9ae8-eebc-41e8-ab5f-4b497ca9c904] with host: KM10607.snowflakecomputing.com, account: KM10607, accessUrl: https://KM10607.snowflakecomputing.com, user: imadfazli, role: undefined, database: RESQ_DB, schema: PUBLIC, warehouse: COMPUTE_WH, proxy was not configured, password is provided, region: undefined, authenticator: SNOWFLAKE, ocsp mode: FAIL_OPEN, os: win32, os version: 10.0.26200"}
{"level":"INFO","message":"[7:55:28.235 PM]: Connection[id: b5fa9ae8-eebc-41e8-ab5f-4b497ca9c904] additional details: passcode in password is provided, passcode is not provided, private key is not provided, application: undefined, client name: snowflake-sdk, client version: 3.3.0, retry timeout: 300, private key path: undefined, private key pass is not provided, client store temporary credential: false, browser response timeout: 120000"}
{"level":"INFO","message":"[7:55:28.236 PM]: Connection[id: b5fa9ae8-eebc-41e8-ab5f-4b497ca9c904] - connection object created successfully."}
{"level":"INFO","message":"[7:55:28.237 PM]: Connection[id: b5fa9ae8-eebc-41e8-ab5f-4b497ca9c904] - async connecting. Associated Snowflake domain: GLOBAL"}
{"level":"INFO","message":"[7:55:28.237 PM]: Connection[id: b5fa9ae8-eebc-41e8-ab5f-4b497ca9c904] - authentication successful using: SNOWFLAKE"}
{"level":"ERROR","message":"[7:55:30.937 PM]: Connection[id: b5fa9ae8-eebc-41e8-ab5f-4b497ca9c904] - connection failed after 2700.16 milliseconds. Error: Request to Snowflake failed."}
{"level":"INFO","message":"[7:55:34.794 PM]: Creating new connection object"}
{"level":"INFO","message":"[7:55:34.796 PM]: Creating Connection[id: 97088bec-38c4-46ce-9230-be8faa819204] with host: KM10607.snowflakecomputing.com, account: KM10607, accessUrl: https://KM10607.snowflakecomputing.com, user: imadfazli, role: undefined, database: RESQ_DB, schema: PUBLIC, warehouse: COMPUTE_WH, proxy was not configured, password is provided, region: undefined, authenticator: SNOWFLAKE, ocsp mode: FAIL_OPEN, os: win32, os version: 10.0.26200"}
{"level":"INFO","message":"[7:55:34.796 PM]: Connection[id: 97088bec-38c4-46ce-9230-be8faa819204] additional details: passcode in password is provided, passcode is not provided, private key is not provided, application: undefined, client name: snowflake-sdk, client version: 3.3.0, retry timeout: 300, private key path: undefined, private key pass is not provided, client store temporary credential: false, browser response timeout: 120000"}
{"level":"INFO","message":"[7:55:34.797 PM]: Connection[id: 97088bec-38c4-46ce-9230-be8faa819204] - connection object created successfully."}
{"level":"INFO","message":"[7:55:34.797 PM]: Connection[id: 97088bec-38c4-46ce-9230-be8faa819204] - async connecting. Associated Snowflake domain: GLOBAL"}
{"level":"INFO","message":"[7:55:34.798 PM]: Connection[id: 97088bec-38c4-46ce-9230-be8faa819204] - authentication successful using: SNOWFLAKE"}
{"level":"ERROR","message":"[7:55:37.733 PM]: Connection[id: 97088bec-38c4-46ce-9230-be8faa819204] - connection failed after 2935.56 milliseconds. Error: Request to Snowflake failed."}
{"level":"INFO","message":"[7:55:45.956 PM]: Creating new connection object"}
{"level":"INFO","message":"[7:55:45.958 PM]: Creating Connection[id: 05d07cac-f556-447f-9526-2e984c9b8f6a] with host: KM10607.snowflakecomputing.com, account: KM10607, accessUrl: https://KM10607.snowflakecomputing.com, user: imadfazli, role: undefined, database: RESQ_DB, schema: PUBLIC, warehouse: COMPUTE_WH, proxy was not configured, password is provided, region: undefined, authenticator: SNOWFLAKE, ocsp mode: FAIL_OPEN, os: win32, os version: 10.0.26200"}
{"level":"INFO","message":"[7:55:45.959 PM]: Connection[id: 05d07cac-f556-447f-9526-2e984c9b8f6a] additional details: passcode in password is provided, passcode is not provided, private key is not provided, application: undefined, client name: snowflake-sdk, client version: 3.3.0, retry timeout: 300, private key path: undefined, private key pass is not provided, client store temporary credential: false, browser response timeout: 120000"}
{"level":"INFO","message":"[7:55:45.960 PM]: Connection[id: 05d07cac-f556-447f-9526-2e984c9b8f6a] - connection object created successfully."}
{"level":"INFO","message":"[7:55:45.961 PM]: Connection[id: 05d07cac-f556-447f-9526-2e984c9b8f6a] - async connecting. Associated Snowflake domain: GLOBAL"}
{"level":"INFO","message":"[7:55:45.961 PM]: Connection[id: 05d07cac-f556-447f-9526-2e984c9b8f6a] - authentication successful using: SNOWFLAKE"}
{"level":"ERROR","message":"[7:55:49.672 PM]: Connection[id: 05d07cac-f556-447f-9526-2e984c9b8f6a] - connection failed after 3711.51 milliseconds. Error: Request to Snowflake failed."}
{"level":"INFO","message":"[7:55:52.748 PM]: Creating new connection object"}
{"level":"INFO","message":"[7:55:52.750 PM]: Creating Connection[id: fb822709-74b0-475a-a4dd-1e95148b0999] with host: KM10607.snowflakecomputing.com, account: KM10607, accessUrl: https://KM10607.snowflakecomputing.com, user: imadfazli, role: undefined, database: RESQ_DB, schema: PUBLIC, warehouse: COMPUTE_WH, proxy was not configured, password is provided, region: undefined, authenticator: SNOWFLAKE, ocsp mode: FAIL_OPEN, os: win32, os version: 10.0.26200"}
{"level":"INFO","message":"[7:55:52.751 PM]: Connection[id: fb822709-74b0-475a-a4dd-1e95148b0999] additional details: passcode in password is provided, passcode is not provided, private key is not provided, application: undefined, client name: snowflake-sdk, client version: 3.3.0, retry timeout: 300, private key path: undefined, private key pass is not provided, client store temporary credential: false, browser response timeout: 120000"}
{"level":"INFO","message":"[7:55:52.752 PM]: Connection[id: fb822709-74b0-475a-a4dd-1e95148b0999] - connection object created successfully."}
{"level":"INFO","message":"[7:55:52.755 PM]: Connection[id: fb822709-74b0-475a-a4dd-1e95148b0999] - async connecting. Associated Snowflake domain: GLOBAL"}
{"level":"INFO","message":"[7:55:52.756 PM]: Connection[id: fb822709-74b0-475a-a4dd-1e95148b0999] - authentication successful using: SNOWFLAKE"}
{"level":"ERROR","message":"[7:55:55.801 PM]: Connection[id: fb822709-74b0-475a-a4dd-1e95148b0999] - connection failed after 3045.3 milliseconds. Error: Request to Snowflake failed."}
{"level":"INFO","message":"[7:56:04.689 PM]: Creating new connection object"}
{"level":"INFO","message":"[7:56:04.691 PM]: Creating Connection[id: 16021730-f0f2-4156-abfe-f322695cc9ea] with host: KM10607.snowflakecomputing.com, account: KM10607, accessUrl: https://KM10607.snowflakecomputing.com, user: imadfazli, role: undefined, database: RESQ_DB, schema: PUBLIC, warehouse: COMPUTE_WH, proxy was not configured, password is provided, region: undefined, authenticator: SNOWFLAKE, ocsp mode: FAIL_OPEN, os: win32, os version: 10.0.26200"}
{"level":"INFO","message":"[7:56:04.692 PM]: Connection[id: 16021730-f0f2-4156-abfe-f322695cc9ea] additional details: passcode in password is provided, passcode is not provided, private key is not provided, application: undefined, client name: snowflake-sdk, client version: 3.3.0, retry timeout: 300, private key path: undefined, private key pass is not provided, client store temporary credential: false, browser response timeout: 120000"}
{"level":"INFO","message":"[7:56:04.693 PM]: Connection[id: 16021730-f0f2-4156-abfe-f322695cc9ea] - connection object created successfully."}
{"level":"INFO","message":"[7:56:04.693 PM]: Connection[id: 16021730-f0f2-4156-abfe-f322695cc9ea] - async connecting. Associated Snowflake domain: GLOBAL"}
{"level":"INFO","message":"[7:56:04.694 PM]: Connection[id: 16021730-f0f2-4156-abfe-f322695cc9ea] - authentication successful using: SNOWFLAKE"}
{"level":"ERROR","message":"[7:56:07.492 PM]: Connection[id: 16021730-f0f2-4156-abfe-f322695cc9ea] - connection failed after 2798.48 milliseconds. Error: Request to Snowflake failed."}
{"level":"INFO","message":"[7:56:10.808 PM]: Creating new connection object"}
{"level":"INFO","message":"[7:56:10.809 PM]: Creating Connection[id: 60b2d2bb-e24c-4b87-beaa-c90b799b76ec] with host: KM10607.snowflakecomputing.com, account: KM10607, accessUrl: https://KM10607.snowflakecomputing.com, user: imadfazli, role: undefined, database: RESQ_DB, schema: PUBLIC, warehouse: COMPUTE_WH, proxy was not configured, password is provided, region: undefined, authenticator: SNOWFLAKE, ocsp mode: FAIL_OPEN, os: win32, os version: 10.0.26200"}
{"level":"INFO","message":"[7:56:10.810 PM]: Connection[id: 60b2d2bb-e24c-4b87-beaa-c90b799b76ec] additional details: passcode in password is provided, passcode is not provided, private key is not provided, application: undefined, client name: snowflake-sdk, client version: 3.3.0, retry timeout: 300, private key path: undefined, private key pass is not provided, client store temporary credential: false, browser response timeout: 120000"}
{"level":"INFO","message":"[7:56:10.811 PM]: Connection[id: 60b2d2bb-e24c-4b87-beaa-c90b799b76ec] - connection object created successfully."}
{"level":"INFO","message":"[7:56:10.811 PM]: Connection[id: 60b2d2bb-e24c-4b87-beaa-c90b799b76ec] - async connecting. Associated Snowflake domain: GLOBAL"}
{"level":"INFO","message":"[7:56:10.812 PM]: Connection[id: 60b2d2bb-e24c-4b87-beaa-c90b799b76ec] - authentication successful using: SNOWFLAKE"}
{"level":"ERROR","message":"[7:56:13.739 PM]: Connection[id: 60b2d2bb-e24c-4b87-beaa-c90b799b76ec] - connection failed after 2928.22 milliseconds. Error: Request to Snowflake failed."}
{"level":"INFO","message":"[7:56:22.507 PM]: Creating new connection object"}
{"level":"INFO","message":"[7:56:22.508 PM]: Creating Connection[id: f8006778-b5a2-48c4-a9f8-9ff42a868a26] with host: KM10607.snowflakecomputing.com, account: KM10607, accessUrl: https://KM10607.snowflakecomputing.com, user: imadfazli, role: undefined, database: RESQ_DB, schema: PUBLIC, warehouse: COMPUTE_WH, proxy was not configured, password is provided, region: undefined, authenticator: SNOWFLAKE, ocsp mode: FAIL_OPEN, os: win32, os version: 10.0.26200"}
{"level":"INFO","message":"[7:56:22.510 PM]: Connection[id: f8006778-b5a2-48c4-a9f8-9ff42a868a26] additional details: passcode in password is provided, passcode is not provided, private key is not provided, application: undefined, client name: snowflake-sdk, client version: 3.3.0, retry timeout: 300, private key path: undefined, private key pass is not provided, client store temporary credential: false, browser response timeout: 120000"}
{"level":"INFO","message":"[7:56:22.511 PM]: Connection[id: f8006778-b5a2-48c4-a9f8-9ff42a868a26] - connection object created successfully."}
{"level":"INFO","message":"[7:56:22.513 PM]: Connection[id: f8006778-b5a2-48c4-a9f8-9ff42a868a26] - async connecting. Associated Snowflake domain: GLOBAL"}
{"level":"INFO","message":"[7:56:22.516 PM]: Connection[id: f8006778-b5a2-48c4-a9f8-9ff42a868a26] - authentication successful using: SNOWFLAKE"}
{"level":"ERROR","message":"[7:56:25.510 PM]: Connection[id: f8006778-b5a2-48c4-a9f8-9ff42a868a26] - connection failed after 2997.06 milliseconds. Error: Request to Snowflake failed."}
{"level":"INFO","message":"[7:56:28.755 PM]: Creating new connection object"}
{"level":"INFO","message":"[7:56:28.757 PM]: Creating Connection[id: 411b1398-da82-4047-96c7-ab3954d5b191] with host: KM10607.snowflakecomputing.com, account: KM10607, accessUrl: https://KM10607.snowflakecomputing.com, user: imadfazli, role: undefined, database: RESQ_DB, schema: PUBLIC, warehouse: COMPUTE_WH, proxy was not configured, password is provided, region: undefined, authenticator: SNOWFLAKE, ocsp mode: FAIL_OPEN, os: win32, os version: 10.0.26200"}
{"level":"INFO","message":"[7:56:28.758 PM]: Connection[id: 411b1398-da82-4047-96c7-ab3954d5b191] additional details: passcode in password is provided, passcode is not provided, private key is not provided, application: undefined, client name: snowflake-sdk, client version: 3.3.0, retry timeout: 300, private key path: undefined, private key pass is not provided, client store temporary credential: false, browser response timeout: 120000"}
{"level":"INFO","message":"[7:56:28.759 PM]: Connection[id: 411b1398-da82-4047-96c7-ab3954d5b191] - connection object created successfully."}
{"level":"INFO","message":"[7:56:28.760 PM]: Connection[id: 411b1398-da82-4047-96c7-ab3954d5b191] - async connecting. Associated Snowflake domain: GLOBAL"}
{"level":"INFO","message":"[7:56:28.762 PM]: Connection[id: 411b1398-da82-4047-96c7-ab3954d5b191] - authentication successful using: SNOWFLAKE"}
{"level":"ERROR","message":"[7:56:31.340 PM]: Connection[id: 411b1398-da82-4047-96c7-ab3954d5b191] - connection failed after 2579.69 milliseconds. Error: Request to Snowflake failed."}
{"level":"INFO","message":"[7:56:40.520 PM]: Creating new connection object"}
{"level":"INFO","message":"[7:56:40.523 PM]: Creating Connection[id: 4bdf0c94-e696-4437-9bb5-22c3b3011c30] with host: KM10607.snowflakecomputing.com, account: KM10607, accessUrl: https://KM10607.snowflakecomputing.com, user: imadfazli, role: undefined, database: RESQ_DB, schema: PUBLIC, warehouse: COMPUTE_WH, proxy was not configured, password is provided, region: undefined, authenticator: SNOWFLAKE, ocsp mode: FAIL_OPEN, os: win32, os version: 10.0.26200"}
{"level":"INFO","message":"[7:56:40.524 PM]: Connection[id: 4bdf0c94-e696-4437-9bb5-22c3b3011c30] additional details: passcode in password is provided, passcode is not provided, private key is not provided, application: undefined, client name: snowflake-sdk, client version: 3.3.0, retry timeout: 300, private key path: undefined, private key pass is not provided, client store temporary credential: false, browser response timeout: 120000"}
{"level":"INFO","message":"[7:56:40.524 PM]: Connection[id: 4bdf0c94-e696-4437-9bb5-22c3b3011c30] - connection object created successfully."}
{"level":"INFO","message":"[7:56:40.525 PM]: Connection[id: 4bdf0c94-e696-4437-9bb5-22c3b3011c30] - async connecting. Associated Snowflake domain: GLOBAL"}
{"level":"INFO","message":"[7:56:40.526 PM]: Connection[id: 4bdf0c94-e696-4437-9bb5-22c3b3011c30] - authentication successful using: SNOWFLAKE"}
{"level":"ERROR","message":"[7:56:43.219 PM]: Connection[id: 4bdf0c94-e696-4437-9bb5-22c3b3011c30] - connection failed after 2693.95 milliseconds. Error: Request to Snowflake failed."}
{"level":"INFO","message":"[7:56:46.348 PM]: Creating new connection object"}
{"level":"INFO","message":"[7:56:46.350 PM]: Creating Connection[id: 6bbcab7f-890c-4685-ab41-cc3088169e75] with host: KM10607.snowflakecomputing.com, account: KM10607, accessUrl: https://KM10607.snowflakecomputing.com, user: imadfazli, role: undefined, database: RESQ_DB, schema: PUBLIC, warehouse: COMPUTE_WH, proxy was not configured, password is provided, region: undefined, authenticator: SNOWFLAKE, ocsp mode: FAIL_OPEN, os: win32, os version: 10.0.26200"}
{"level":"INFO","message":"[7:56:46.350 PM]: Connection[id: 6bbcab7f-890c-4685-ab41-cc3088169e75] additional details: passcode in password is provided, passcode is not provided, private key is not provided, application: undefined, client name: snowflake-sdk, client version: 3.3.0, retry timeout: 300, private key path: undefined, private key pass is not provided, client store temporary credential: false, browser response timeout: 120000"}
{"level":"INFO","message":"[7:56:46.350 PM]: Connection[id: 6bbcab7f-890c-4685-ab41-cc3088169e75] - connection object created successfully."}
{"level":"INFO","message":"[7:56:46.351 PM]: Connection[id: 6bbcab7f-890c-4685-ab41-cc3088169e75] - async connecting. Associated Snowflake domain: GLOBAL"}
{"level":"INFO","message":"[7:56:46.351 PM]: Connection[id: 6bbcab7f-890c-4685-ab41-cc3088169e75] - authentication successful using: SNOWFLAKE"}
{"level":"ERROR","message":"[7:56:48.954 PM]: Connection[id: 6bbcab7f-890c-4685-ab41-cc3088169e75] - connection failed after 2603.28 milliseconds. Error: Request to Snowflake failed."}
